// Jest Snapshot v1, https://goo.gl/fbAQLP

exports[`Header > components > Menu should match the snapshot 1`] = `
<div
  className="mobile-hidden ant-dropdown-link gx-font-weight-medium gx-pointer gx-ml-4 gx-border gx-text-success vz-custom-menu ant-dropdown-trigger"
  href="#"
  onMouseEnter={[Function]}
  onMouseLeave={[Function]}
>
  <span
    className="gx-ml-3 gx-border-right gx-pr-2 gx-font-weight-semi-bold"
  >
    Danh muÌ£c
  </span>
  <i
    aria-label="icon: down"
    className="anticon anticon-down gx-mx-2"
  >
    <svg
      aria-hidden="true"
      className=""
      data-icon="down"
      fill="currentColor"
      focusable="false"
      height="1em"
      viewBox="64 64 896 896"
      width="1em"
    >
      <path
        d="M884 256h-75c-5.1 0-9.9 2.5-12.9 6.6L512 654.2 227.9 262.6c-3-4.1-7.8-6.6-12.9-6.6h-75c-6.5 0-10.3 7.4-6.5 12.7l352.6 486.1c12.8 17.6 39 17.6 51.7 0l352.6-486.1c3.9-5.3.1-12.7-6.4-12.7z"
      />
    </svg>
  </i>
</div>
`;
